2026-07-25 00:37:18,978 [INFO] 
2026-07-25 00:37:18,978 [INFO] 
2026-07-25 00:37:18,978 [INFO] ============================================================
2026-07-25 00:37:18,978 [INFO] AUTO UPDATE PIPELINE — 2026-07-25 00:37:18
2026-07-25 00:37:18,980 [INFO] ============================================================
2026-07-25 00:37:18,980 [INFO] ============================================================
2026-07-25 00:37:18,980 [INFO] START: Player Stats (batting + bowling)
2026-07-25 00:37:18,980 [INFO] ============================================================
2026-07-25 00:37:21,241 [INFO] NumExpr defaulting to 12 threads.
2026-07-25 00:37:22,417 [INFO] Found 61 teams
2026-07-25 00:37:23,436 [INFO] Batting records: 1555, Bowling records: 988
2026-07-25 00:37:41,702 [INFO] FINISH: Player Stats (batting + bowling) — OK
2026-07-25 00:37:41,703 [INFO] ============================================================
2026-07-25 00:37:41,703 [INFO] PIPELINE COMPLETE
2026-07-25 00:37:41,703 [INFO] Log saved to: reports/auto_update_20260725.log
2026-07-25 00:37:41,703 [INFO] ============================================================
2026-07-25 00:38:20,952 [INFO] 
2026-07-25 00:38:20,952 [INFO] 
2026-07-25 00:38:20,953 [INFO] ============================================================
2026-07-25 00:38:20,953 [INFO] AUTO UPDATE PIPELINE — 2026-07-25 00:38:20
2026-07-25 00:38:20,953 [INFO] ============================================================
2026-07-25 00:38:20,953 [INFO] ============================================================
2026-07-25 00:38:20,953 [INFO] START: Keeper Stats (pipeline)
2026-07-25 00:38:20,954 [INFO] ============================================================
2026-07-25 00:38:23,124 [INFO] NumExpr defaulting to 12 threads.
2026-07-25 00:38:24,417 [ERROR] FAIL: Keeper Stats (pipeline) — No module named 'gspread'
2026-07-25 00:38:24,421 [ERROR] Traceback (most recent call last):
  File "C:\Users\tejan\OneDrive\Desktop\automation\test.py\auto_update.py", line 28, in run_step
    result = fn(*args, **kwargs)
  File "C:\Users\tejan\OneDrive\Desktop\automation\test.py\auto_update.py", line 56, in step_keeper_pipeline
    from sheets_writer import upload_keeper_data
  File "C:\Users\tejan\OneDrive\Desktop\automation\test.py\sheets_writer.py", line 2, in <module>
    import gspread
ModuleNotFoundError: No module named 'gspread'

2026-07-25 00:38:24,422 [INFO] ============================================================
2026-07-25 00:38:24,422 [INFO] PIPELINE COMPLETE
2026-07-25 00:38:24,422 [INFO] Log saved to: reports/auto_update_20260725.log
2026-07-25 00:38:24,422 [INFO] ============================================================
<<<<<<< HEAD
=======
2026-07-25 21:38:29,137 [INFO] 
2026-07-25 21:38:29,140 [INFO] 
2026-07-25 21:38:29,141 [INFO] ============================================================
2026-07-25 21:38:29,142 [INFO] AUTO UPDATE PIPELINE — 2026-07-25 21:38:29
2026-07-25 21:38:29,144 [INFO] ============================================================
2026-07-25 21:38:29,144 [INFO] ============================================================
2026-07-25 21:38:29,144 [INFO] START: Player Stats (batting + bowling)
2026-07-25 21:38:29,144 [INFO] ============================================================
2026-07-25 21:39:08,329 [INFO] Found 61 teams
2026-07-25 21:39:14,577 [INFO] Batting records: 1555, Bowling records: 988
2026-07-25 21:39:45,654 [INFO] FINISH: Player Stats (batting + bowling) — OK
2026-07-25 21:39:45,656 [INFO] ============================================================
2026-07-25 21:39:45,656 [INFO] START: Keeper Stats (pipeline)
2026-07-25 21:39:45,656 [INFO] ============================================================
2026-07-25 21:42:05,346 [INFO] Appended 299 keeper rows to reports/WicketKeepers_latest.xlsx
2026-07-25 21:42:40,622 [INFO] Uploaded keeper data. Total processed matches: 150
2026-07-25 21:42:40,698 [INFO] FINISH: Keeper Stats (pipeline) — OK
2026-07-25 21:42:40,715 [INFO] ============================================================
2026-07-25 21:42:40,715 [INFO] START: Google Sheet sync
2026-07-25 21:42:40,715 [INFO] ============================================================
2026-07-25 21:43:08,241 [INFO] Google Sheet synced (451 unique players)
2026-07-25 21:43:08,245 [INFO] FINISH: Google Sheet sync — OK
2026-07-25 21:43:08,245 [INFO] ============================================================
2026-07-25 21:43:08,247 [INFO] START: Email daily report
2026-07-25 21:43:08,247 [INFO] ============================================================
2026-07-25 21:43:17,855 [INFO] Email sent to Sureshkutam@gmail.com
2026-07-25 21:43:17,869 [INFO] FINISH: Email daily report — OK
2026-07-25 21:43:17,877 [INFO] ============================================================
2026-07-25 21:43:17,877 [INFO] PIPELINE COMPLETE
2026-07-25 21:43:17,879 [INFO] Log saved to: reports/auto_update_20260725.log
2026-07-25 21:43:17,884 [INFO] ============================================================
2026-07-25 21:43:18,039 [INFO] Opened Excel: C:\Users\Lenovo\Desktop\test.py\reports\WicketKeepers_latest.xlsx
>>>>>>> origin/teju
